0 verbose cli C:\Program Files\nodejs\node.exe C:\Users\JIMUTHA\AppData\Roaming\npm\node_modules\npm\bin\npm-cli.js
1 info using npm@11.6.0
2 info using node@v22.18.0
3 silly config load:file:C:\Users\JIMUTHA\AppData\Roaming\npm\node_modules\npm\npmrc
4 silly config load:file:C:\Users\JIMUTHA\Desktop\Research-web\Research\.npmrc
5 silly config load:file:C:\Users\JIMUTHA\.npmrc
6 silly config load:file:C:\Users\JIMUTHA\AppData\Roaming\npm\etc\npmrc
7 verbose title npm i
8 verbose argv "i"
9 verbose logfile logs-max:10 dir:C:\Users\JIMUTHA\Desktop\Research-web\Research\UsersJIMUTHAnpm-cache\_logs\2025-12-25T12_42_48_815Z-
10 verbose logfile C:\Users\JIMUTHA\Desktop\Research-web\Research\UsersJIMUTHAnpm-cache\_logs\2025-12-25T12_42_48_815Z-debug-0.log
11 silly logfile done cleaning log files
12 silly packumentCache heap:2197815296 maxSize:549453824 maxEntrySize:274726912
13 silly idealTree buildDeps
14 silly reify moves {}
15 silly audit bulk request {
15 silly audit   '@alloc/quick-lru': [ '5.2.0' ],
15 silly audit   '@babel/runtime': [ '7.28.4' ],
15 silly audit   '@floating-ui/core': [ '1.7.3' ],
15 silly audit   '@floating-ui/dom': [ '1.7.4' ],
15 silly audit   '@floating-ui/react-dom': [ '2.1.6' ],
15 silly audit   '@floating-ui/utils': [ '0.2.10' ],
15 silly audit   '@google/generative-ai': [ '0.24.1' ],
15 silly audit   '@hookform/resolvers': [ '5.2.2' ],
15 silly audit   '@img/colour': [ '1.0.0' ],
15 silly audit   '@img/sharp-win32-x64': [ '0.34.5' ],
15 silly audit   '@jridgewell/gen-mapping': [ '0.3.13' ],
15 silly audit   '@jridgewell/remapping': [ '2.3.5' ],
15 silly audit   '@jridgewell/resolve-uri': [ '3.1.2' ],
15 silly audit   '@jridgewell/sourcemap-codec': [ '1.5.5' ],
15 silly audit   '@jridgewell/trace-mapping': [ '0.3.31' ],
15 silly audit   '@mongodb-js/saslprep': [ '1.3.2' ],
15 silly audit   '@next/env': [ '15.5.4' ],
15 silly audit   '@next/swc-darwin-arm64': [ '15.5.4' ],
15 silly audit   '@next/swc-darwin-x64': [ '15.5.4' ],
15 silly audit   '@next/swc-linux-arm64-gnu': [ '15.5.4' ],
15 silly audit   '@next/swc-linux-arm64-musl': [ '15.5.4' ],
15 silly audit   '@next/swc-linux-x64-gnu': [ '15.5.4' ],
15 silly audit   '@next/swc-linux-x64-musl': [ '15.5.4' ],
15 silly audit   '@next/swc-win32-arm64-msvc': [ '15.5.4' ],
15 silly audit   '@next/swc-win32-x64-msvc': [ '15.5.4' ],
15 silly audit   '@radix-ui/number': [ '1.1.1' ],
15 silly audit   '@radix-ui/primitive': [ '1.1.3' ],
15 silly audit   '@radix-ui/react-arrow': [ '1.1.7' ],
15 silly audit   '@radix-ui/react-collection': [ '1.1.7' ],
15 silly audit   '@radix-ui/react-slot': [ '1.2.3', '1.2.4' ],
15 silly audit   '@radix-ui/react-compose-refs': [ '1.1.2' ],
15 silly audit   '@radix-ui/react-context': [ '1.1.2', '1.1.3' ],
15 silly audit   '@radix-ui/react-dialog': [ '1.1.15' ],
15 silly audit   '@radix-ui/react-direction': [ '1.1.1' ],
15 silly audit   '@radix-ui/react-dismissable-layer': [ '1.1.11' ],
15 silly audit   '@radix-ui/react-focus-guards': [ '1.1.3' ],
15 silly audit   '@radix-ui/react-focus-scope': [ '1.1.7' ],
15 silly audit   '@radix-ui/react-id': [ '1.1.1' ],
15 silly audit   '@radix-ui/react-popper': [ '1.2.8' ],
15 silly audit   '@radix-ui/react-portal': [ '1.1.9' ],
15 silly audit   '@radix-ui/react-presence': [ '1.1.5' ],
15 silly audit   '@radix-ui/react-primitive': [ '2.1.3', '2.1.4' ],
15 silly audit   '@radix-ui/react-progress': [ '1.1.8' ],
15 silly audit   '@radix-ui/react-select': [ '2.2.6' ],
15 silly audit   '@radix-ui/react-separator': [ '1.1.8' ],
15 silly audit   '@radix-ui/react-tooltip': [ '1.2.8' ],
15 silly audit   '@radix-ui/react-use-callback-ref': [ '1.1.1' ],
15 silly audit   '@radix-ui/react-use-controllable-state': [ '1.2.2' ],
15 silly audit   '@radix-ui/react-use-effect-event': [ '0.0.2' ],
15 silly audit   '@radix-ui/react-use-escape-keydown': [ '1.1.1' ],
15 silly audit   '@radix-ui/react-use-layout-effect': [ '1.1.1' ],
15 silly audit   '@radix-ui/react-use-previous': [ '1.1.1' ],
15 silly audit   '@radix-ui/react-use-rect': [ '1.1.1' ],
15 silly audit   '@radix-ui/react-use-size': [ '1.1.1' ],
15 silly audit   '@radix-ui/react-visually-hidden': [ '1.2.3' ],
15 silly audit   '@radix-ui/rect': [ '1.1.1' ],
15 silly audit   '@react-pdf/fns': [ '3.1.2' ],
15 silly audit   '@react-pdf/font': [ '4.0.3' ],
15 silly audit   '@react-pdf/image': [ '3.0.3' ],
15 silly audit   '@react-pdf/layout': [ '4.4.1' ],
15 silly audit   '@react-pdf/pdfkit': [ '4.0.4' ],
15 silly audit   '@react-pdf/png-js': [ '3.0.0' ],
15 silly audit   '@react-pdf/primitives': [ '4.1.1' ],
15 silly audit   '@react-pdf/reconciler': [ '1.1.4' ],
15 silly audit   '@react-pdf/render': [ '4.3.1' ],
15 silly audit   '@react-pdf/renderer': [ '4.3.1' ],
15 silly audit   '@react-pdf/stylesheet': [ '6.1.1' ],
15 silly audit   '@react-pdf/textkit': [ '6.0.0' ],
15 silly audit   '@react-pdf/types': [ '2.9.1' ],
15 silly audit   '@remirror/core-constants': [ '3.0.0' ],
15 silly audit   '@standard-schema/utils': [ '0.3.0' ],
15 silly audit   '@supabase/auth-js': [ '2.86.2' ],
15 silly audit   '@supabase/functions-js': [ '2.86.2' ],
15 silly audit   '@supabase/postgrest-js': [ '2.86.2' ],
15 silly audit   '@supabase/realtime-js': [ '2.86.2' ],
15 silly audit   '@supabase/storage-js': [ '2.86.2' ],
15 silly audit   '@supabase/supabase-js': [ '2.86.2' ],
15 silly audit   '@swc/helpers': [ '0.5.17', '0.5.15' ],
15 silly audit   '@tailwindcss/node': [ '4.1.17' ],
15 silly audit   '@tailwindcss/oxide': [ '4.1.17' ],
15 silly audit   '@tailwindcss/oxide-win32-x64-msvc': [ '4.1.17' ],
15 silly audit   '@tailwindcss/postcss': [ '4.1.17' ],
15 silly audit   '@tiptap/core': [ '3.13.0' ],
15 silly audit   '@tiptap/extension-blockquote': [ '3.13.0' ],
15 silly audit   '@tiptap/extension-bold': [ '3.13.0' ],
15 silly audit   '@tiptap/extension-bubble-menu': [ '3.13.0' ],
15 silly audit   '@tiptap/extension-bullet-list': [ '3.13.0' ],
15 silly audit   '@tiptap/extension-code': [ '3.13.0' ],
15 silly audit   '@tiptap/extension-code-block': [ '3.13.0' ],
15 silly audit   '@tiptap/extension-document': [ '3.13.0' ],
15 silly audit   '@tiptap/extension-dropcursor': [ '3.13.0' ],
15 silly audit   '@tiptap/extension-floating-menu': [ '3.13.0' ],
15 silly audit   '@tiptap/extension-gapcursor': [ '3.13.0' ],
15 silly audit   '@tiptap/extension-hard-break': [ '3.13.0' ],
15 silly audit   '@tiptap/extension-heading': [ '3.13.0' ],
15 silly audit   '@tiptap/extension-horizontal-rule': [ '3.13.0' ],
15 silly audit   '@tiptap/extension-italic': [ '3.13.0' ],
15 silly audit   '@tiptap/extension-link': [ '3.13.0' ],
15 silly audit   '@tiptap/extension-list': [ '3.13.0' ],
15 silly audit   '@tiptap/extension-list-item': [ '3.13.0' ],
15 silly audit   '@tiptap/extension-list-keymap': [ '3.13.0' ],
15 silly audit   '@tiptap/extension-ordered-list': [ '3.13.0' ],
15 silly audit   '@tiptap/extension-paragraph': [ '3.13.0' ],
15 silly audit   '@tiptap/extension-strike': [ '3.13.0' ],
15 silly audit   '@tiptap/extension-text': [ '3.13.0' ],
15 silly audit   '@tiptap/extension-text-align': [ '3.13.0' ],
15 silly audit   '@tiptap/extension-underline': [ '3.13.0' ],
15 silly audit   '@tiptap/extensions': [ '3.13.0' ],
15 silly audit   '@tiptap/pm': [ '3.13.0' ],
15 silly audit   '@tiptap/react': [ '3.13.0' ],
15 silly audit   '@tiptap/starter-kit': [ '3.13.0' ],
15 silly audit   '@types/linkify-it': [ '5.0.0' ],
15 silly audit   '@types/markdown-it': [ '14.1.2' ],
15 silly audit   '@types/mdurl': [ '2.0.0' ],
15 silly audit   '@types/node': [ '24.10.1' ],
15 silly audit   '@types/pako': [ '2.0.4' ],
15 silly audit   '@types/phoenix': [ '1.6.6' ],
15 silly audit   '@types/raf': [ '3.4.3' ],
15 silly audit   '@types/react': [ '19.2.7' ],
15 silly audit   '@types/react-dom': [ '19.2.3' ],
15 silly audit   '@types/trusted-types': [ '2.0.7' ],
15 silly audit   '@types/use-sync-external-store': [ '0.0.6' ],
15 silly audit   '@types/webidl-conversions': [ '7.0.3' ],
15 silly audit   '@types/whatwg-url': [ '13.0.0' ],
15 silly audit   '@types/ws': [ '8.18.1' ],
15 silly audit   'abs-svg-path': [ '0.1.1' ],
15 silly audit   argparse: [ '2.0.1' ],
15 silly audit   'aria-hidden': [ '1.2.6' ],
15 silly audit   asynckit: [ '0.4.0' ],
15 silly audit   'base64-arraybuffer': [ '1.0.2' ],
15 silly audit   'base64-js': [ '1.5.1', '0.0.8' ],
15 silly audit   'bidi-js': [ '1.0.3' ],
15 silly audit   brotli: [ '1.3.3' ],
15 silly audit   'browserify-zlib': [ '0.2.0' ],
15 silly audit   bson: [ '7.0.0' ],
15 silly audit   'call-bind-apply-helpers': [ '1.0.2' ],
15 silly audit   'caniuse-lite': [ '1.0.30001759' ],
15 silly audit   canvg: [ '3.0.11' ],
15 silly audit   'class-variance-authority': [ '0.7.1' ],
15 silly audit   'client-only': [ '0.0.1' ],
15 silly audit   clone: [ '2.1.2' ],
15 silly audit   clsx: [ '2.1.1' ],
15 silly audit   'color-name': [ '1.1.4' ],
15 silly audit   'color-string': [ '1.9.1' ],
15 silly audit   'combined-stream': [ '1.0.8' ],
15 silly audit   'core-js': [ '3.47.0' ],
15 silly audit   crelt: [ '1.0.6' ],
15 silly audit   'crypto-js': [ '4.2.0' ],
15 silly audit   'css-line-break': [ '2.1.0' ],
15 silly audit   csstype: [ '3.2.3' ],
15 silly audit   'date-fns': [ '4.1.0' ],
15 silly audit   'delayed-stream': [ '1.0.0' ],
15 silly audit   'detect-libc': [ '2.1.2' ],
15 silly audit   'detect-node-es': [ '1.1.0' ],
15 silly audit   dfa: [ '1.2.0' ],
15 silly audit   dompurify: [ '3.3.0' ],
15 silly audit   dotenv: [ '17.2.3' ],
15 silly audit   'dunder-proto': [ '1.0.1' ],
15 silly audit   'emoji-regex-xs': [ '1.0.0' ],
15 silly audit   'enhanced-resolve': [ '5.18.3' ],
15 silly audit   entities: [ '4.5.0' ],
15 silly audit   'es-define-property': [ '1.0.1' ],
15 silly audit   'es-errors': [ '1.3.0' ],
15 silly audit   'es-object-atoms': [ '1.1.1' ],
15 silly audit   'es-set-tostringtag': [ '2.1.0' ],
15 silly audit   'escape-string-regexp': [ '4.0.0' ],
15 silly audit   events: [ '3.3.0' ],
15 silly audit   'fast-deep-equal': [ '3.1.3' ],
15 silly audit   'fast-equals': [ '5.3.3' ],
15 silly audit   'fast-png': [ '6.4.0' ],
15 silly audit   pako: [ '2.1.0', '1.0.11', '0.2.9' ],
15 silly audit   fflate: [ '0.8.2' ],
15 silly audit   fontkit: [ '2.0.4' ],
15 silly audit   'form-data': [ '4.0.5' ],
15 silly audit   'function-bind': [ '1.1.2' ],
15 silly audit   'get-intrinsic': [ '1.3.0' ],
15 silly audit   'get-nonce': [ '1.0.1' ],
15 silly audit   'get-proto': [ '1.0.1' ],
15 silly audit   goober: [ '2.1.18' ],
15 silly audit   gopd: [ '1.2.0' ],
15 silly audit   'graceful-fs': [ '4.2.11' ],
15 silly audit   'has-symbols': [ '1.1.0' ],
15 silly audit   'has-tostringtag': [ '1.0.2' ],
15 silly audit   hasown: [ '2.0.2' ],
15 silly audit   'hsl-to-hex': [ '1.0.0' ],
15 silly audit   'hsl-to-rgb-for-reals': [ '1.1.1' ],
15 silly audit   html2canvas: [ '1.4.1' ],
15 silly audit   'html2canvas-pro': [ '1.5.13' ],
15 silly audit   'html2pdf.js': [ '0.12.1' ],
15 silly audit   hyphen: [ '1.10.6' ],
15 silly audit   'iceberg-js': [ '0.8.0' ],
15 silly audit   inherits: [ '2.0.4' ],
15 silly audit   iobuffer: [ '5.4.0' ],
15 silly audit   'is-arrayish': [ '0.3.4' ],
15 silly audit   'is-url': [ '1.2.4' ],
15 silly audit   'jay-peg': [ '1.1.1' ],
15 silly audit   jiti: [ '2.6.1' ],
15 silly audit   'js-tokens': [ '4.0.0' ],
15 silly audit   jspdf: [ '3.0.4' ],
15 silly audit   kareem: [ '3.0.0' ],
15 silly audit   lightningcss: [ '1.30.2' ],
15 silly audit   'lightningcss-win32-x64-msvc': [ '1.30.2' ],
15 silly audit   linebreak: [ '1.1.0' ],
15 silly audit   'linkify-it': [ '5.0.0' ],
15 silly audit   linkifyjs: [ '4.3.2' ],
15 silly audit   'loose-envify': [ '1.4.0' ],
15 silly audit   'lucide-react': [ '0.544.0' ],
15 silly audit   'magic-string': [ '0.30.21' ],
15 silly audit   'markdown-it': [ '14.1.0' ],
15 silly audit   'math-intrinsics': [ '1.1.0' ],
15 silly audit   mdurl: [ '2.0.0' ],
15 silly audit   'media-engine': [ '1.0.3' ],
15 silly audit   'memory-pager': [ '1.5.0' ],
15 silly audit   'mime-db': [ '1.52.0' ],
15 silly audit   'mime-types': [ '2.1.35' ],
15 silly audit   mongodb: [ '7.0.0' ],
15 silly audit   'mongodb-connection-string-url': [ '7.0.0' ],
15 silly audit   mongoose: [ '9.0.1' ],
15 silly audit   mpath: [ '0.9.0' ],
15 silly audit   mquery: [ '6.0.0' ],
15 silly audit   ms: [ '2.1.3' ],
15 silly audit   nanoid: [ '3.3.11' ],
15 silly audit   next: [ '15.5.4' ],
15 silly audit   postcss: [ '8.4.31', '8.5.6' ],
15 silly audit   'normalize-svg-path': [ '1.1.0' ],
15 silly audit   'object-assign': [ '4.1.1' ],
15 silly audit   orderedmap: [ '2.1.1' ],
15 silly audit   'parse-svg-path': [ '0.1.2' ],
15 silly audit   pdf2json: [ '4.0.0' ],
15 silly audit   'performance-now': [ '2.1.0' ],
15 silly audit   picocolors: [ '1.1.1' ],
15 silly audit   'postcss-value-parser': [ '4.2.0' ],
15 silly audit   'prop-types': [ '15.8.1' ],
15 silly audit   'prosemirror-changeset': [ '2.3.1' ],
15 silly audit   'prosemirror-collab': [ '1.3.1' ],
15 silly audit   'prosemirror-commands': [ '1.7.1' ],
15 silly audit   'prosemirror-dropcursor': [ '1.8.2' ],
15 silly audit   'prosemirror-gapcursor': [ '1.4.0' ],
15 silly audit   'prosemirror-history': [ '1.5.0' ],
15 silly audit   'prosemirror-inputrules': [ '1.5.1' ],
15 silly audit   'prosemirror-keymap': [ '1.2.3' ],
15 silly audit   'prosemirror-markdown': [ '1.13.2' ],
15 silly audit   'prosemirror-menu': [ '1.2.5' ],
15 silly audit   'prosemirror-model': [ '1.25.4' ],
15 silly audit   'prosemirror-schema-basic': [ '1.2.4' ],
15 silly audit   'prosemirror-schema-list': [ '1.5.1' ],
15 silly audit   'prosemirror-state': [ '1.4.4' ],
15 silly audit   'prosemirror-tables': [ '1.8.3' ],
15 silly audit   'prosemirror-trailing-node': [ '3.0.0' ],
15 silly audit   'prosemirror-transform': [ '1.10.5' ],
15 silly audit   'prosemirror-view': [ '1.41.4' ],
15 silly audit   punycode: [ '2.3.1' ],
15 silly audit   'punycode.js': [ '2.3.1' ],
15 silly audit   queue: [ '6.0.2' ],
15 silly audit   raf: [ '3.4.1' ],
15 silly audit   react: [ '19.1.0' ],
15 silly audit   'react-dom': [ '19.1.0' ],
15 silly audit   scheduler: [ '0.26.0', '0.25.0-rc-603e6108-20241029' ],
15 silly audit   'react-hook-form': [ '7.68.0' ],
15 silly audit   'react-hot-toast': [ '2.6.0' ],
15 silly audit   'react-is': [ '16.13.1' ],
15 silly audit   'react-remove-scroll': [ '2.7.2' ],
15 silly audit   'react-remove-scroll-bar': [ '2.3.8' ],
15 silly audit   'react-style-singleton': [ '2.2.3' ],
15 silly audit   'regenerator-runtime': [ '0.13.11' ],
15 silly audit   'require-from-string': [ '2.0.2' ],
15 silly audit   restructure: [ '3.0.2' ],
15 silly audit   rgbcolor: [ '1.0.1' ],
15 silly audit   'rope-sequence': [ '1.3.4' ],
15 silly audit   'safe-buffer': [ '5.2.1' ],
15 silly audit   semver: [ '7.7.3' ],
15 silly audit   sharp: [ '0.34.5' ],
15 silly audit   sift: [ '17.1.3' ],
15 silly audit   'simple-swizzle': [ '0.2.4' ],
15 silly audit   sonner: [ '2.0.7' ],
15 silly audit   'source-map-js': [ '1.2.1' ],
15 silly audit   'sparse-bitfield': [ '3.0.3' ],
15 silly audit   'stackblur-canvas': [ '2.7.0' ],
15 silly audit   string_decoder: [ '1.3.0' ],
15 silly audit   'styled-jsx': [ '5.1.6' ],
15 silly audit   'svg-arc-to-cubic-bezier': [ '3.2.0' ],
15 silly audit   'svg-pathdata': [ '6.0.3' ],
15 silly audit   'tailwind-merge': [ '3.4.0' ],
15 silly audit   tailwindcss: [ '4.1.17' ],
15 silly audit   tapable: [ '2.3.0' ],
15 silly audit   'text-segmentation': [ '1.0.3' ],
15 silly audit   'tiny-inflate': [ '1.0.3' ],
15 silly audit   tr46: [ '5.1.1' ],
15 silly audit   tslib: [ '2.8.1' ],
15 silly audit   'tw-animate-css': [ '1.4.0' ],
15 silly audit   typescript: [ '5.9.3' ],
15 silly audit   'uc.micro': [ '2.1.0' ],
15 silly audit   'undici-types': [ '7.16.0' ],
15 silly audit   'unicode-properties': [ '1.4.1' ],
15 silly audit   'unicode-trie': [ '2.0.0' ],
15 silly audit   'use-callback-ref': [ '1.3.3' ],
15 silly audit   'use-sidecar': [ '1.1.3' ],
15 silly audit   'use-sync-external-store': [ '1.6.0' ],
15 silly audit   'util-deprecate': [ '1.0.2' ],
15 silly audit   utrie: [ '1.0.2' ],
15 silly audit   'vite-compatible-readable-stream': [ '3.6.1' ],
15 silly audit   'w3c-keyname': [ '2.2.8' ],
15 silly audit   'webidl-conversions': [ '7.0.0' ],
15 silly audit   'whatwg-url': [ '14.2.0' ],
15 silly audit   ws: [ '8.18.3' ],
15 silly audit   'yoga-layout': [ '3.2.1' ],
15 silly audit   zod: [ '4.1.13' ]
15 silly audit }
16 http cache pdf2json@https://registry.npmjs.org/pdf2json/-/pdf2json-4.0.0.tgz 1ms (cache hit)
17 http cache mime-types@https://registry.npmjs.org/mime-types/-/mime-types-2.1.35.tgz 0ms (cache hit)
18 http cache mime-db@https://registry.npmjs.org/mime-db/-/mime-db-1.52.0.tgz 0ms (cache hit)
19 http cache hasown@https://registry.npmjs.org/hasown/-/hasown-2.0.2.tgz 0ms (cache hit)
20 http cache math-intrinsics@https://registry.npmjs.org/math-intrinsics/-/math-intrinsics-1.1.0.tgz 0ms (cache hit)
21 http cache has-tostringtag@https://registry.npmjs.org/has-tostringtag/-/has-tostringtag-1.0.2.tgz 0ms (cache hit)
22 http cache has-symbols@https://registry.npmjs.org/has-symbols/-/has-symbols-1.1.0.tgz 0ms (cache hit)
23 http cache get-proto@https://registry.npmjs.org/get-proto/-/get-proto-1.0.1.tgz 0ms (cache hit)
24 http cache function-bind@https://registry.npmjs.org/function-bind/-/function-bind-1.1.2.tgz 0ms (cache hit)
25 http cache gopd@https://registry.npmjs.org/gopd/-/gopd-1.2.0.tgz 0ms (cache hit)
26 http cache get-intrinsic@https://registry.npmjs.org/get-intrinsic/-/get-intrinsic-1.3.0.tgz 0ms (cache hit)
27 http cache form-data@https://registry.npmjs.org/form-data/-/form-data-4.0.5.tgz 0ms (cache hit)
28 http cache es-set-tostringtag@https://registry.npmjs.org/es-set-tostringtag/-/es-set-tostringtag-2.1.0.tgz 0ms (cache hit)
29 http cache es-object-atoms@https://registry.npmjs.org/es-object-atoms/-/es-object-atoms-1.1.1.tgz 0ms (cache hit)
30 http cache es-errors@https://registry.npmjs.org/es-errors/-/es-errors-1.3.0.tgz 0ms (cache hit)
31 http cache dunder-proto@https://registry.npmjs.org/dunder-proto/-/dunder-proto-1.0.1.tgz 0ms (cache hit)
32 http cache es-define-property@https://registry.npmjs.org/es-define-property/-/es-define-property-1.0.1.tgz 0ms (cache hit)
33 http cache delayed-stream@https://registry.npmjs.org/delayed-stream/-/delayed-stream-1.0.0.tgz 0ms (cache hit)
34 http cache call-bind-apply-helpers@https://registry.npmjs.org/call-bind-apply-helpers/-/call-bind-apply-helpers-1.0.2.tgz 1ms (cache hit)
35 http cache combined-stream@https://registry.npmjs.org/combined-stream/-/combined-stream-1.0.8.tgz 0ms (cache hit)
36 http cache asynckit@https://registry.npmjs.org/asynckit/-/asynckit-0.4.0.tgz 0ms (cache hit)
37 silly tarball no local data for pdf2json@https://registry.npmjs.org/pdf2json/-/pdf2json-4.0.0.tgz. Extracting by manifest.
38 silly tarball no local data for mime-types@https://registry.npmjs.org/mime-types/-/mime-types-2.1.35.tgz. Extracting by manifest.
39 silly tarball no local data for mime-db@https://registry.npmjs.org/mime-db/-/mime-db-1.52.0.tgz. Extracting by manifest.
40 silly tarball no local data for hasown@https://registry.npmjs.org/hasown/-/hasown-2.0.2.tgz. Extracting by manifest.
41 silly tarball no local data for math-intrinsics@https://registry.npmjs.org/math-intrinsics/-/math-intrinsics-1.1.0.tgz. Extracting by manifest.
42 silly tarball no local data for has-tostringtag@https://registry.npmjs.org/has-tostringtag/-/has-tostringtag-1.0.2.tgz. Extracting by manifest.
43 silly tarball no local data for has-symbols@https://registry.npmjs.org/has-symbols/-/has-symbols-1.1.0.tgz. Extracting by manifest.
44 silly tarball no local data for get-proto@https://registry.npmjs.org/get-proto/-/get-proto-1.0.1.tgz. Extracting by manifest.
45 silly tarball no local data for function-bind@https://registry.npmjs.org/function-bind/-/function-bind-1.1.2.tgz. Extracting by manifest.
46 silly tarball no local data for gopd@https://registry.npmjs.org/gopd/-/gopd-1.2.0.tgz. Extracting by manifest.
47 silly tarball no local data for get-intrinsic@https://registry.npmjs.org/get-intrinsic/-/get-intrinsic-1.3.0.tgz. Extracting by manifest.
48 silly tarball no local data for form-data@https://registry.npmjs.org/form-data/-/form-data-4.0.5.tgz. Extracting by manifest.
49 silly tarball no local data for es-set-tostringtag@https://registry.npmjs.org/es-set-tostringtag/-/es-set-tostringtag-2.1.0.tgz. Extracting by manifest.
50 silly tarball no local data for es-object-atoms@https://registry.npmjs.org/es-object-atoms/-/es-object-atoms-1.1.1.tgz. Extracting by manifest.
51 silly tarball no local data for es-errors@https://registry.npmjs.org/es-errors/-/es-errors-1.3.0.tgz. Extracting by manifest.
52 silly tarball no local data for dunder-proto@https://registry.npmjs.org/dunder-proto/-/dunder-proto-1.0.1.tgz. Extracting by manifest.
53 silly tarball no local data for es-define-property@https://registry.npmjs.org/es-define-property/-/es-define-property-1.0.1.tgz. Extracting by manifest.
54 silly tarball no local data for delayed-stream@https://registry.npmjs.org/delayed-stream/-/delayed-stream-1.0.0.tgz. Extracting by manifest.
55 silly tarball no local data for call-bind-apply-helpers@https://registry.npmjs.org/call-bind-apply-helpers/-/call-bind-apply-helpers-1.0.2.tgz. Extracting by manifest.
56 silly tarball no local data for combined-stream@https://registry.npmjs.org/combined-stream/-/combined-stream-1.0.8.tgz. Extracting by manifest.
57 silly tarball no local data for asynckit@https://registry.npmjs.org/asynckit/-/asynckit-0.4.0.tgz. Extracting by manifest.
58 http fetch GET 200 https://registry.npmjs.org/function-bind/-/function-bind-1.1.2.tgz 8542ms (cache miss)
59 http fetch GET 200 https://registry.npmjs.org/has-tostringtag/-/has-tostringtag-1.0.2.tgz 8952ms (cache miss)
60 http fetch GET 200 https://registry.npmjs.org/get-proto/-/get-proto-1.0.1.tgz 9147ms (cache miss)
61 http fetch GET 200 https://registry.npmjs.org/dunder-proto/-/dunder-proto-1.0.1.tgz 9316ms (cache miss)
62 http fetch GET 200 https://registry.npmjs.org/es-object-atoms/-/es-object-atoms-1.1.1.tgz 9327ms (cache miss)
63 http fetch GET 200 https://registry.npmjs.org/math-intrinsics/-/math-intrinsics-1.1.0.tgz 9551ms (cache miss)
64 http fetch POST 200 https://registry.npmjs.org/-/npm/v1/security/advisories/bulk 9719ms
65 silly audit report {
65 silly audit report   next: [
65 silly audit report     {
65 silly audit report       id: 1111366,
65 silly audit report       url: 'https://github.com/advisories/GHSA-9qr9-h5gf-34mp',
65 silly audit report       title: 'Next.js is vulnerable to RCE in React flight protocol',
65 silly audit report       severity: 'critical',
65 silly audit report       vulnerable_versions: '>=15.5.0-canary.0 <15.5.7',
65 silly audit report       cwe: [Array],
65 silly audit report       cvss: [Object]
65 silly audit report     },
65 silly audit report     {
65 silly audit report       id: 1111376,
65 silly audit report       url: 'https://github.com/advisories/GHSA-w37m-7fhw-fmv9',
65 silly audit report       title: 'Next Server Actions Source Code Exposure ',
65 silly audit report       severity: 'moderate',
65 silly audit report       vulnerable_versions: '>=15.5.1-canary.0 <15.5.8',
65 silly audit report       cwe: [Array],
65 silly audit report       cvss: [Object]
65 silly audit report     },
65 silly audit report     {
65 silly audit report       id: 1111385,
65 silly audit report       url: 'https://github.com/advisories/GHSA-mwv6-3258-q52c',
65 silly audit report       title: 'Next Vulnerable to Denial of Service with Server Components',
65 silly audit report       severity: 'high',
65 silly audit report       vulnerable_versions: '>=15.5.1-canary.0 <15.5.8',
65 silly audit report       cwe: [Array],
65 silly audit report       cvss: [Object]
65 silly audit report     }
65 silly audit report   ]
65 silly audit report }
66 silly packumentCache corgi:https://registry.npmjs.org/next cache-miss
67 http fetch GET 200 https://registry.npmjs.org/delayed-stream/-/delayed-stream-1.0.0.tgz 9637ms (cache miss)
68 http fetch GET 200 https://registry.npmjs.org/es-define-property/-/es-define-property-1.0.1.tgz 9648ms (cache miss)
69 http fetch GET 200 https://registry.npmjs.org/es-errors/-/es-errors-1.3.0.tgz 9653ms (cache miss)
70 http fetch GET 200 https://registry.npmjs.org/combined-stream/-/combined-stream-1.0.8.tgz 9651ms (cache miss)
71 http fetch GET 200 https://registry.npmjs.org/mime-db/-/mime-db-1.52.0.tgz 9752ms (cache miss)
72 http fetch GET 200 https://registry.npmjs.org/es-set-tostringtag/-/es-set-tostringtag-2.1.0.tgz 9796ms (cache miss)
73 http fetch GET 200 https://registry.npmjs.org/hasown/-/hasown-2.0.2.tgz 9909ms (cache miss)
74 http fetch GET 200 https://registry.npmjs.org/asynckit/-/asynckit-0.4.0.tgz 10026ms (cache miss)
75 http fetch GET 200 https://registry.npmjs.org/call-bind-apply-helpers/-/call-bind-apply-helpers-1.0.2.tgz 10074ms (cache miss)
76 http fetch GET 200 https://registry.npmjs.org/gopd/-/gopd-1.2.0.tgz 10109ms (cache miss)
77 http fetch GET 200 https://registry.npmjs.org/get-intrinsic/-/get-intrinsic-1.3.0.tgz 10363ms (cache miss)
78 http fetch GET 200 https://registry.npmjs.org/has-symbols/-/has-symbols-1.1.0.tgz 10382ms (cache miss)
79 http fetch GET 200 https://registry.npmjs.org/next 12306ms (cache miss)
80 silly packumentCache corgi:https://registry.npmjs.org/next set size:undefined disposed:false
81 http fetch GET 200 https://registry.npmjs.org/mime-types/-/mime-types-2.1.35.tgz 22742ms (cache miss)
82 http fetch GET 200 https://registry.npmjs.org/form-data/-/form-data-4.0.5.tgz 27743ms (cache miss)
83 http fetch GET 200 https://registry.npmjs.org/pdf2json/-/pdf2json-4.0.0.tgz 31056ms (cache miss)
84 silly ADD node_modules/pdf2json
85 silly ADD node_modules/mime-types
86 silly ADD node_modules/mime-db
87 silly ADD node_modules/math-intrinsics
88 silly ADD node_modules/hasown
89 silly ADD node_modules/has-tostringtag
90 silly ADD node_modules/has-symbols
91 silly ADD node_modules/gopd
92 silly ADD node_modules/get-proto
93 silly ADD node_modules/get-intrinsic
94 silly ADD node_modules/function-bind
95 silly ADD node_modules/form-data
96 silly ADD node_modules/es-set-tostringtag
97 silly ADD node_modules/es-object-atoms
98 silly ADD node_modules/es-errors
99 silly ADD node_modules/es-define-property
100 silly ADD node_modules/dunder-proto
101 silly ADD node_modules/delayed-stream
102 silly ADD node_modules/combined-stream
103 silly ADD node_modules/call-bind-apply-helpers
104 silly ADD node_modules/asynckit
105 verbose cwd C:\Users\JIMUTHA\Desktop\Research-web\Research
106 verbose os Windows_NT 10.0.26200
107 verbose node v22.18.0
108 verbose npm  v11.6.0
109 verbose exit 0
110 info ok
