0 verbose cli C:\Program Files\nodejs\node.exe C:\Users\JIMUTHA\AppData\Roaming\npm\node_modules\npm\bin\npm-cli.js
1 info using npm@11.6.0
2 info using node@v22.18.0
3 silly config load:file:C:\Users\JIMUTHA\AppData\Roaming\npm\node_modules\npm\npmrc
4 silly config load:file:C:\Users\JIMUTHA\Desktop\Research-web\Research\.npmrc
5 silly config load:file:C:\Users\JIMUTHA\.npmrc
6 silly config load:file:C:\Users\JIMUTHA\AppData\Roaming\npm\etc\npmrc
7 verbose title npm install
8 verbose argv "install"
9 verbose logfile logs-max:10 dir:C:\Users\JIMUTHA\Desktop\Research-web\Research\UsersJIMUTHAnpm-cache\_logs\2025-10-30T07_01_51_359Z-
10 verbose logfile C:\Users\JIMUTHA\Desktop\Research-web\Research\UsersJIMUTHAnpm-cache\_logs\2025-10-30T07_01_51_359Z-debug-0.log
11 silly logfile done cleaning log files
12 silly packumentCache heap:2197815296 maxSize:549453824 maxEntrySize:274726912
13 silly idealTree buildDeps
14 silly reify moves {}
15 silly audit bulk request {
15 silly audit   '@alloc/quick-lru': [ '5.2.0' ],
15 silly audit   '@babel/runtime': [ '7.28.4' ],
15 silly audit   '@emnapi/runtime': [ '1.5.0' ],
15 silly audit   '@floating-ui/core': [ '1.7.3' ],
15 silly audit   '@floating-ui/dom': [ '1.7.4' ],
15 silly audit   '@floating-ui/react-dom': [ '2.1.6' ],
15 silly audit   '@floating-ui/utils': [ '0.2.10' ],
15 silly audit   '@img/colour': [ '1.0.0' ],
15 silly audit   '@img/sharp-darwin-arm64': [ '0.34.4' ],
15 silly audit   '@img/sharp-darwin-x64': [ '0.34.4' ],
15 silly audit   '@img/sharp-libvips-darwin-arm64': [ '1.2.3' ],
15 silly audit   '@img/sharp-libvips-darwin-x64': [ '1.2.3' ],
15 silly audit   '@img/sharp-libvips-linux-arm': [ '1.2.3' ],
15 silly audit   '@img/sharp-libvips-linux-arm64': [ '1.2.3' ],
15 silly audit   '@img/sharp-libvips-linux-ppc64': [ '1.2.3' ],
15 silly audit   '@img/sharp-libvips-linux-s390x': [ '1.2.3' ],
15 silly audit   '@img/sharp-libvips-linux-x64': [ '1.2.3' ],
15 silly audit   '@img/sharp-libvips-linuxmusl-arm64': [ '1.2.3' ],
15 silly audit   '@img/sharp-libvips-linuxmusl-x64': [ '1.2.3' ],
15 silly audit   '@img/sharp-linux-arm': [ '0.34.4' ],
15 silly audit   '@img/sharp-linux-arm64': [ '0.34.4' ],
15 silly audit   '@img/sharp-linux-ppc64': [ '0.34.4' ],
15 silly audit   '@img/sharp-linux-s390x': [ '0.34.4' ],
15 silly audit   '@img/sharp-linux-x64': [ '0.34.4' ],
15 silly audit   '@img/sharp-linuxmusl-arm64': [ '0.34.4' ],
15 silly audit   '@img/sharp-linuxmusl-x64': [ '0.34.4' ],
15 silly audit   '@img/sharp-wasm32': [ '0.34.4' ],
15 silly audit   '@img/sharp-win32-arm64': [ '0.34.4' ],
15 silly audit   '@img/sharp-win32-ia32': [ '0.34.4' ],
15 silly audit   '@img/sharp-win32-x64': [ '0.34.4' ],
15 silly audit   '@isaacs/fs-minipass': [ '4.0.1' ],
15 silly audit   '@jridgewell/gen-mapping': [ '0.3.13' ],
15 silly audit   '@jridgewell/remapping': [ '2.3.5' ],
15 silly audit   '@jridgewell/resolve-uri': [ '3.1.2' ],
15 silly audit   '@jridgewell/sourcemap-codec': [ '1.5.5' ],
15 silly audit   '@jridgewell/trace-mapping': [ '0.3.31' ],
15 silly audit   '@next/env': [ '15.5.4' ],
15 silly audit   '@next/swc-darwin-arm64': [ '15.5.4' ],
15 silly audit   '@next/swc-darwin-x64': [ '15.5.4' ],
15 silly audit   '@next/swc-linux-arm64-gnu': [ '15.5.4' ],
15 silly audit   '@next/swc-linux-arm64-musl': [ '15.5.4' ],
15 silly audit   '@next/swc-linux-x64-gnu': [ '15.5.4' ],
15 silly audit   '@next/swc-linux-x64-musl': [ '15.5.4' ],
15 silly audit   '@next/swc-win32-arm64-msvc': [ '15.5.4' ],
15 silly audit   '@next/swc-win32-x64-msvc': [ '15.5.4' ],
15 silly audit   '@radix-ui/primitive': [ '1.1.3' ],
15 silly audit   '@radix-ui/react-arrow': [ '1.1.7' ],
15 silly audit   '@radix-ui/react-compose-refs': [ '1.1.2' ],
15 silly audit   '@radix-ui/react-context': [ '1.1.2' ],
15 silly audit   '@radix-ui/react-dialog': [ '1.1.15' ],
15 silly audit   '@radix-ui/react-dismissable-layer': [ '1.1.11' ],
15 silly audit   '@radix-ui/react-focus-guards': [ '1.1.3' ],
15 silly audit   '@radix-ui/react-focus-scope': [ '1.1.7' ],
15 silly audit   '@radix-ui/react-id': [ '1.1.1' ],
15 silly audit   '@radix-ui/react-popper': [ '1.2.8' ],
15 silly audit   '@radix-ui/react-portal': [ '1.1.9' ],
15 silly audit   '@radix-ui/react-presence': [ '1.1.5' ],
15 silly audit   '@radix-ui/react-primitive': [ '2.1.3' ],
15 silly audit   '@radix-ui/react-separator': [ '1.1.7' ],
15 silly audit   '@radix-ui/react-slot': [ '1.2.3' ],
15 silly audit   '@radix-ui/react-tooltip': [ '1.2.8' ],
15 silly audit   '@radix-ui/react-use-callback-ref': [ '1.1.1' ],
15 silly audit   '@radix-ui/react-use-controllable-state': [ '1.2.2' ],
15 silly audit   '@radix-ui/react-use-effect-event': [ '0.0.2' ],
15 silly audit   '@radix-ui/react-use-escape-keydown': [ '1.1.1' ],
15 silly audit   '@radix-ui/react-use-layout-effect': [ '1.1.1' ],
15 silly audit   '@radix-ui/react-use-rect': [ '1.1.1' ],
15 silly audit   '@radix-ui/react-use-size': [ '1.1.1' ],
15 silly audit   '@radix-ui/react-visually-hidden': [ '1.2.3' ],
15 silly audit   '@radix-ui/rect': [ '1.1.1' ],
15 silly audit   '@supabase/auth-js': [ '2.72.0' ],
15 silly audit   '@supabase/functions-js': [ '2.5.0' ],
15 silly audit   '@supabase/node-fetch': [ '2.6.15' ],
15 silly audit   '@supabase/postgrest-js': [ '1.21.4' ],
15 silly audit   '@supabase/realtime-js': [ '2.15.5' ],
15 silly audit   '@supabase/storage-js': [ '2.12.2' ],
15 silly audit   '@supabase/supabase-js': [ '2.58.0' ],
15 silly audit   '@swc/helpers': [ '0.5.15' ],
15 silly audit   '@tailwindcss/node': [ '4.1.14' ],
15 silly audit   '@tailwindcss/oxide': [ '4.1.14' ],
15 silly audit   '@tailwindcss/oxide-android-arm64': [ '4.1.14' ],
15 silly audit   '@tailwindcss/oxide-darwin-arm64': [ '4.1.14' ],
15 silly audit   '@tailwindcss/oxide-darwin-x64': [ '4.1.14' ],
15 silly audit   '@tailwindcss/oxide-freebsd-x64': [ '4.1.14' ],
15 silly audit   '@tailwindcss/oxide-linux-arm-gnueabihf': [ '4.1.14' ],
15 silly audit   '@tailwindcss/oxide-linux-arm64-gnu': [ '4.1.14' ],
15 silly audit   '@tailwindcss/oxide-linux-arm64-musl': [ '4.1.14' ],
15 silly audit   '@tailwindcss/oxide-linux-x64-gnu': [ '4.1.14' ],
15 silly audit   '@tailwindcss/oxide-linux-x64-musl': [ '4.1.14' ],
15 silly audit   '@tailwindcss/oxide-wasm32-wasi': [ '4.1.14' ],
15 silly audit   '@tailwindcss/oxide-win32-arm64-msvc': [ '4.1.14' ],
15 silly audit   '@tailwindcss/oxide-win32-x64-msvc': [ '4.1.14' ],
15 silly audit   '@tailwindcss/postcss': [ '4.1.14' ],
15 silly audit   '@types/node': [ '24.6.2' ],
15 silly audit   '@types/pako': [ '2.0.4' ],
15 silly audit   '@types/phoenix': [ '1.6.6' ],
15 silly audit   '@types/raf': [ '3.4.3' ],
15 silly audit   '@types/trusted-types': [ '2.0.7' ],
15 silly audit   '@types/ws': [ '8.18.1' ],
15 silly audit   'aria-hidden': [ '1.2.6' ],
15 silly audit   'base64-arraybuffer': [ '1.0.2' ],
15 silly audit   'caniuse-lite': [ '1.0.30001747' ],
15 silly audit   canvg: [ '3.0.11' ],
15 silly audit   chownr: [ '3.0.0' ],
15 silly audit   'class-variance-authority': [ '0.7.1' ],
15 silly audit   'client-only': [ '0.0.1' ],
15 silly audit   clsx: [ '2.1.1' ],
15 silly audit   'core-js': [ '3.45.1' ],
15 silly audit   'css-line-break': [ '2.1.0' ],
15 silly audit   'detect-libc': [ '2.1.1' ],
15 silly audit   'detect-node-es': [ '1.1.0' ],
15 silly audit   dompurify: [ '3.2.7' ],
15 silly audit   'enhanced-resolve': [ '5.18.3' ],
15 silly audit   'fast-png': [ '6.4.0' ],
15 silly audit   fflate: [ '0.8.2' ],
15 silly audit   'get-nonce': [ '1.0.1' ],
15 silly audit   'graceful-fs': [ '4.2.11' ],
15 silly audit   html2canvas: [ '1.4.1' ],
15 silly audit   'html2pdf.js': [ '0.12.1' ],
15 silly audit   iobuffer: [ '5.4.0' ],
15 silly audit   jiti: [ '2.6.1' ],
15 silly audit   jspdf: [ '3.0.3' ],
15 silly audit   lightningcss: [ '1.30.1' ],
15 silly audit   'lightningcss-darwin-arm64': [ '1.30.1' ],
15 silly audit   'lightningcss-darwin-x64': [ '1.30.1' ],
15 silly audit   'lightningcss-freebsd-x64': [ '1.30.1' ],
15 silly audit   'lightningcss-linux-arm-gnueabihf': [ '1.30.1' ],
15 silly audit   'lightningcss-linux-arm64-gnu': [ '1.30.1' ],
15 silly audit   'lightningcss-linux-arm64-musl': [ '1.30.1' ],
15 silly audit   'lightningcss-linux-x64-gnu': [ '1.30.1' ],
15 silly audit   'lightningcss-linux-x64-musl': [ '1.30.1' ],
15 silly audit   'lightningcss-win32-arm64-msvc': [ '1.30.1' ],
15 silly audit   'lightningcss-win32-x64-msvc': [ '1.30.1' ],
15 silly audit   'lucide-react': [ '0.544.0' ],
15 silly audit   'magic-string': [ '0.30.19' ],
15 silly audit   minipass: [ '7.1.2' ],
15 silly audit   minizlib: [ '3.1.0' ],
15 silly audit   nanoid: [ '3.3.11' ],
15 silly audit   next: [ '15.5.4' ],
15 silly audit   postcss: [ '8.4.31', '8.5.6' ],
15 silly audit   pako: [ '2.1.0' ],
15 silly audit   'performance-now': [ '2.1.0' ],
15 silly audit   picocolors: [ '1.1.1' ],
15 silly audit   raf: [ '3.4.1' ],
15 silly audit   react: [ '19.1.0' ],
15 silly audit   'react-dom': [ '19.1.0' ],
15 silly audit   'react-remove-scroll': [ '2.7.1' ],
15 silly audit   'react-remove-scroll-bar': [ '2.3.8' ],
15 silly audit   'react-style-singleton': [ '2.2.3' ],
15 silly audit   'regenerator-runtime': [ '0.13.11' ],
15 silly audit   rgbcolor: [ '1.0.1' ],
15 silly audit   scheduler: [ '0.26.0' ],
15 silly audit   semver: [ '7.7.2' ],
15 silly audit   sharp: [ '0.34.4' ],
15 silly audit   'source-map-js': [ '1.2.1' ],
15 silly audit   'stackblur-canvas': [ '2.7.0' ],
15 silly audit   'styled-jsx': [ '5.1.6' ],
15 silly audit   'svg-pathdata': [ '6.0.3' ],
15 silly audit   'tailwind-merge': [ '3.3.1' ],
15 silly audit   tailwindcss: [ '4.1.14' ],
15 silly audit   tapable: [ '2.3.0' ],
15 silly audit   tar: [ '7.5.1' ],
15 silly audit   'text-segmentation': [ '1.0.3' ],
15 silly audit   tr46: [ '0.0.3' ],
15 silly audit   tslib: [ '2.8.1' ],
15 silly audit   'tw-animate-css': [ '1.4.0' ],
15 silly audit   'undici-types': [ '7.13.0' ],
15 silly audit   'use-callback-ref': [ '1.3.3' ],
15 silly audit   'use-sidecar': [ '1.1.3' ],
15 silly audit   utrie: [ '1.0.2' ],
15 silly audit   'webidl-conversions': [ '3.0.1' ],
15 silly audit   'whatwg-url': [ '5.0.0' ],
15 silly audit   ws: [ '8.18.3' ],
15 silly audit   yallist: [ '5.0.0' ]
15 silly audit }
16 http cache utrie@https://registry.npmjs.org/utrie/-/utrie-1.0.2.tgz 0ms (cache hit)
17 http cache stackblur-canvas@https://registry.npmjs.org/stackblur-canvas/-/stackblur-canvas-2.7.0.tgz 0ms (cache hit)
18 http cache svg-pathdata@https://registry.npmjs.org/svg-pathdata/-/svg-pathdata-6.0.3.tgz 0ms (cache hit)
19 http cache rgbcolor@https://registry.npmjs.org/rgbcolor/-/rgbcolor-1.0.1.tgz 0ms (cache hit)
20 http cache regenerator-runtime@https://registry.npmjs.org/regenerator-runtime/-/regenerator-runtime-0.13.11.tgz 0ms (cache hit)
21 http cache performance-now@https://registry.npmjs.org/performance-now/-/performance-now-2.1.0.tgz 0ms (cache hit)
22 http cache raf@https://registry.npmjs.org/raf/-/raf-3.4.1.tgz 0ms (cache hit)
23 http cache pako@https://registry.npmjs.org/pako/-/pako-2.1.0.tgz 0ms (cache hit)
24 http cache text-segmentation@https://registry.npmjs.org/text-segmentation/-/text-segmentation-1.0.3.tgz 0ms (cache hit)
25 http cache html2canvas@https://registry.npmjs.org/html2canvas/-/html2canvas-1.4.1.tgz 0ms (cache hit)
26 http cache iobuffer@https://registry.npmjs.org/iobuffer/-/iobuffer-5.4.0.tgz 0ms (cache hit)
27 http cache jspdf@https://registry.npmjs.org/jspdf/-/jspdf-3.0.3.tgz 0ms (cache hit)
28 http cache fflate@https://registry.npmjs.org/fflate/-/fflate-0.8.2.tgz 0ms (cache hit)
29 http cache html2pdf.js@https://registry.npmjs.org/html2pdf.js/-/html2pdf.js-0.12.1.tgz 0ms (cache hit)
30 http cache dompurify@https://registry.npmjs.org/dompurify/-/dompurify-3.2.7.tgz 0ms (cache hit)
31 http cache fast-png@https://registry.npmjs.org/fast-png/-/fast-png-6.4.0.tgz 0ms (cache hit)
32 http cache core-js@https://registry.npmjs.org/core-js/-/core-js-3.45.1.tgz 0ms (cache hit)
33 http cache css-line-break@https://registry.npmjs.org/css-line-break/-/css-line-break-2.1.0.tgz 0ms (cache hit)
34 http cache canvg@https://registry.npmjs.org/canvg/-/canvg-3.0.11.tgz 0ms (cache hit)
35 http cache @types/trusted-types@https://registry.npmjs.org/@types/trusted-types/-/trusted-types-2.0.7.tgz 0ms (cache hit)
36 http cache base64-arraybuffer@https://registry.npmjs.org/base64-arraybuffer/-/base64-arraybuffer-1.0.2.tgz 0ms (cache hit)
37 http cache @types/raf@https://registry.npmjs.org/@types/raf/-/raf-3.4.3.tgz 0ms (cache hit)
38 http cache @types/pako@https://registry.npmjs.org/@types/pako/-/pako-2.0.4.tgz 0ms (cache hit)
39 silly tarball no local data for utrie@https://registry.npmjs.org/utrie/-/utrie-1.0.2.tgz. Extracting by manifest.
40 silly tarball no local data for stackblur-canvas@https://registry.npmjs.org/stackblur-canvas/-/stackblur-canvas-2.7.0.tgz. Extracting by manifest.
41 http cache @babel/runtime@https://registry.npmjs.org/@babel/runtime/-/runtime-7.28.4.tgz 0ms (cache hit)
42 silly tarball no local data for svg-pathdata@https://registry.npmjs.org/svg-pathdata/-/svg-pathdata-6.0.3.tgz. Extracting by manifest.
43 silly tarball no local data for rgbcolor@https://registry.npmjs.org/rgbcolor/-/rgbcolor-1.0.1.tgz. Extracting by manifest.
44 silly tarball no local data for regenerator-runtime@https://registry.npmjs.org/regenerator-runtime/-/regenerator-runtime-0.13.11.tgz. Extracting by manifest.
45 silly tarball no local data for performance-now@https://registry.npmjs.org/performance-now/-/performance-now-2.1.0.tgz. Extracting by manifest.
46 silly tarball no local data for raf@https://registry.npmjs.org/raf/-/raf-3.4.1.tgz. Extracting by manifest.
47 silly tarball no local data for pako@https://registry.npmjs.org/pako/-/pako-2.1.0.tgz. Extracting by manifest.
48 silly tarball no local data for text-segmentation@https://registry.npmjs.org/text-segmentation/-/text-segmentation-1.0.3.tgz. Extracting by manifest.
49 silly tarball no local data for html2canvas@https://registry.npmjs.org/html2canvas/-/html2canvas-1.4.1.tgz. Extracting by manifest.
50 silly tarball no local data for iobuffer@https://registry.npmjs.org/iobuffer/-/iobuffer-5.4.0.tgz. Extracting by manifest.
51 silly tarball no local data for jspdf@https://registry.npmjs.org/jspdf/-/jspdf-3.0.3.tgz. Extracting by manifest.
52 silly tarball no local data for fflate@https://registry.npmjs.org/fflate/-/fflate-0.8.2.tgz. Extracting by manifest.
53 silly tarball no local data for html2pdf.js@https://registry.npmjs.org/html2pdf.js/-/html2pdf.js-0.12.1.tgz. Extracting by manifest.
54 silly tarball no local data for dompurify@https://registry.npmjs.org/dompurify/-/dompurify-3.2.7.tgz. Extracting by manifest.
55 silly tarball no local data for fast-png@https://registry.npmjs.org/fast-png/-/fast-png-6.4.0.tgz. Extracting by manifest.
56 silly tarball no local data for core-js@https://registry.npmjs.org/core-js/-/core-js-3.45.1.tgz. Extracting by manifest.
57 silly tarball no local data for css-line-break@https://registry.npmjs.org/css-line-break/-/css-line-break-2.1.0.tgz. Extracting by manifest.
58 silly tarball no local data for canvg@https://registry.npmjs.org/canvg/-/canvg-3.0.11.tgz. Extracting by manifest.
59 silly tarball no local data for @types/trusted-types@https://registry.npmjs.org/@types/trusted-types/-/trusted-types-2.0.7.tgz. Extracting by manifest.
60 silly tarball no local data for base64-arraybuffer@https://registry.npmjs.org/base64-arraybuffer/-/base64-arraybuffer-1.0.2.tgz. Extracting by manifest.
61 silly tarball no local data for @types/raf@https://registry.npmjs.org/@types/raf/-/raf-3.4.3.tgz. Extracting by manifest.
62 silly tarball no local data for @types/pako@https://registry.npmjs.org/@types/pako/-/pako-2.0.4.tgz. Extracting by manifest.
63 silly tarball no local data for @babel/runtime@https://registry.npmjs.org/@babel/runtime/-/runtime-7.28.4.tgz. Extracting by manifest.
64 http fetch GET 200 https://registry.npmjs.org/raf/-/raf-3.4.1.tgz 534ms (cache miss)
65 http fetch GET 200 https://registry.npmjs.org/regenerator-runtime/-/regenerator-runtime-0.13.11.tgz 548ms (cache miss)
66 http fetch GET 200 https://registry.npmjs.org/rgbcolor/-/rgbcolor-1.0.1.tgz 729ms (cache miss)
67 http fetch GET 200 https://registry.npmjs.org/performance-now/-/performance-now-2.1.0.tgz 900ms (cache miss)
68 http fetch GET 200 https://registry.npmjs.org/iobuffer/-/iobuffer-5.4.0.tgz 904ms (cache miss)
69 http fetch GET 200 https://registry.npmjs.org/svg-pathdata/-/svg-pathdata-6.0.3.tgz 952ms (cache miss)
70 http fetch POST 200 https://registry.npmjs.org/-/npm/v1/security/advisories/bulk 1299ms
71 silly audit report {}
72 http fetch GET 200 https://registry.npmjs.org/@types/trusted-types/-/trusted-types-2.0.7.tgz 1379ms (cache miss)
73 http fetch GET 200 https://registry.npmjs.org/base64-arraybuffer/-/base64-arraybuffer-1.0.2.tgz 1990ms (cache miss)
74 http fetch GET 200 https://registry.npmjs.org/@types/raf/-/raf-3.4.3.tgz 2022ms (cache miss)
75 http fetch GET 200 https://registry.npmjs.org/utrie/-/utrie-1.0.2.tgz 2686ms (cache miss)
76 http fetch GET 200 https://registry.npmjs.org/@babel/runtime/-/runtime-7.28.4.tgz 3158ms (cache miss)
77 http fetch GET 200 https://registry.npmjs.org/@types/pako/-/pako-2.0.4.tgz 3297ms (cache miss)
78 http fetch GET 200 https://registry.npmjs.org/fast-png/-/fast-png-6.4.0.tgz 4289ms (cache miss)
79 http fetch GET 200 https://registry.npmjs.org/fflate/-/fflate-0.8.2.tgz 4615ms (cache miss)
80 http fetch GET 200 https://registry.npmjs.org/css-line-break/-/css-line-break-2.1.0.tgz 4638ms (cache miss)
81 http fetch GET 200 https://registry.npmjs.org/canvg/-/canvg-3.0.11.tgz 7260ms (cache miss)
82 http fetch GET 200 https://registry.npmjs.org/pako/-/pako-2.1.0.tgz 8017ms (cache miss)
83 http fetch GET 200 https://registry.npmjs.org/text-segmentation/-/text-segmentation-1.0.3.tgz 11823ms (cache miss)
84 http fetch GET 200 https://registry.npmjs.org/dompurify/-/dompurify-3.2.7.tgz 13694ms (cache miss)
85 http fetch GET 200 https://registry.npmjs.org/html2canvas/-/html2canvas-1.4.1.tgz 13986ms (cache miss)
86 http fetch GET 200 https://registry.npmjs.org/core-js/-/core-js-3.45.1.tgz 19060ms (cache miss)
87 http fetch GET 200 https://registry.npmjs.org/stackblur-canvas/-/stackblur-canvas-2.7.0.tgz 23262ms (cache miss)
88 http fetch GET 200 https://registry.npmjs.org/html2pdf.js/-/html2pdf.js-0.12.1.tgz 31112ms (cache miss)
89 http fetch GET 200 https://registry.npmjs.org/jspdf/-/jspdf-3.0.3.tgz 36908ms (cache miss)
90 info run core-js@3.45.1 postinstall node_modules/core-js node -e "try{require('./postinstall')}catch(e){}"
91 info run core-js@3.45.1 postinstall { code: 0, signal: null }
92 silly ADD node_modules/utrie
93 silly ADD node_modules/text-segmentation
94 silly ADD node_modules/svg-pathdata
95 silly ADD node_modules/stackblur-canvas
96 silly ADD node_modules/rgbcolor
97 silly ADD node_modules/regenerator-runtime
98 silly ADD node_modules/raf
99 silly ADD node_modules/performance-now
100 silly ADD node_modules/pako
101 silly ADD node_modules/jspdf
102 silly ADD node_modules/iobuffer
103 silly ADD node_modules/html2pdf.js
104 silly ADD node_modules/html2canvas
105 silly ADD node_modules/fflate
106 silly ADD node_modules/fast-png
107 silly ADD node_modules/dompurify
108 silly ADD node_modules/css-line-break
109 silly ADD node_modules/core-js
110 silly ADD node_modules/canvg
111 silly ADD node_modules/base64-arraybuffer
112 silly ADD node_modules/@types/trusted-types
113 silly ADD node_modules/@types/raf
114 silly ADD node_modules/@types/pako
115 silly ADD node_modules/@babel/runtime
116 verbose cwd C:\Users\JIMUTHA\Desktop\Research-web\Research
117 verbose os Windows_NT 10.0.26200
118 verbose node v22.18.0
119 verbose npm  v11.6.0
120 verbose exit 0
121 info ok
